$ mkdir -p /usr/share/dict/
$ echo "test" > /usr/share/dict/words
$ ./roles/bash/files/bin/passphrase.sh
test test test test test
$ ./roles/bash/files/bin/passphrase.sh | wc -w  # default word count
5
$ ./roles/bash/files/bin/passphrase.sh -c 10 | wc -w
10
$ ./roles/bash/files/bin/passphrase.sh --count 10 | wc -w
10
$ echo "fruit" >> /usr/share/dict/words
$ cat /usr/share/dict/words
test
fruit
$ ./roles/bash/files/bin/passphrase.sh -c 20 | grep "test" > /dev/null && echo "got test"
got test
$ ./roles/bash/files/bin/passphrase.sh -c 20 | grep "fruit" > /dev/null && echo "got fruit"
got fruit
$ ./roles/bash/files/bin/passphrase.sh -n 5
fruit fruit fruit fruit fruit
$ ./roles/bash/files/bin/passphrase.sh --min 5
fruit fruit fruit fruit fruit
$ ./roles/bash/files/bin/passphrase.sh --max 4
test test test test test
$ echo "bananas" >> /usr/share/dict/words
$ cat /usr/share/dict/words
test
fruit
bananas
$ ./roles/bash/files/bin/passphrase.sh --min 5 --max 6
fruit fruit fruit fruit fruit
$ ./roles/bash/files/bin/passphrase.sh --min 9
Max should be greater than min (current: min=9, max=6)
$ ./roles/bash/files/bin/passphrase.sh --min 7 --max 5
Max should be greater than min (current: min=7, max=5)
$ echo "" > /usr/share/dict/words
$ ./roles/bash/files/bin/passphrase.sh
There are no available words with this size
$ echo "Test" > /usr/share/dict/words
$ ./roles/bash/files/bin/passphrase.sh
test test test test test
$ ./roles/bash/files/bin/passphrase.sh --count 0
$ echo "test123" > /usr/share/dict/words
$ ./roles/bash/files/bin/passphrase.sh
There are no available words with this size
$ ./roles/bash/files/bin/passphrase.sh --non-existing
Invalid option
$ ./roles/bash/files/bin/passphrase.sh --x
Invalid option
$ ./roles/bash/files/bin/passphrase.sh --min
Invalid option
$ ./roles/bash/files/bin/passphrase.sh --max
Invalid option
$ ./roles/bash/files/bin/passphrase.sh --count
Invalid option
$ ./roles/bash/files/bin/passphrase.sh -n
Invalid option
$ ./roles/bash/files/bin/passphrase.sh -m
Invalid option
$ ./roles/bash/files/bin/passphrase.sh -c
Invalid option
$ ./roles/bash/files/bin/passphrase.sh --min 0
Min word length must be between 1 and 100
$ ./roles/bash/files/bin/passphrase.sh --min 101
Min word length must be between 1 and 100
$ ./roles/bash/files/bin/passphrase.sh --max 0
Max word length must be between 1 and 100
$ ./roles/bash/files/bin/passphrase.sh --max 101
Max word length must be between 1 and 100
$ ./roles/bash/files/bin/passphrase.sh --count -1
Word count must be between 0 and 1000
$ ./roles/bash/files/bin/passphrase.sh --count 1001
Word count must be between 0 and 1000
$ ./roles/bash/files/bin/passphrase.sh --min 5 --max 3
Max should be greater than min (current: min=5, max=3)
$ ./roles/bash/files/bin/passphrase.sh --min 10 --max 5
Max should be greater than min (current: min=10, max=5)
$ ./roles/bash/files/bin/passphrase.sh --min 100 --max 50
Max should be greater than min (current: min=100, max=50)
$ ./roles/bash/files/bin/passphrase.sh -h

passphrase

 --min (-n) sets minimum number of characters in the words (default: 4)
 --max (-m) sets maximum number of characters in the words (default: 6)
 --count (-c) sets how many word the passphrase will contain (default: 5)
 --help (-h) shows help message and exit

$ ./roles/bash/files/bin/passphrase.sh --help

passphrase

 --min (-n) sets minimum number of characters in the words (default: 4)
 --max (-m) sets maximum number of characters in the words (default: 6)
 --count (-c) sets how many word the passphrase will contain (default: 5)
 --help (-h) shows help message and exit

